[2025/10/11 10:30:17] 浣犲ソ锛屼笘鐣?- Hello, World!
